%!Adobe-FontList 1.16
%Locale:0x409

%BeginFont
Handler:DirectoryHandler
FontType:TrueType
FontName:Blanch-Caps
FamilyName:Blanch
StyleName:Caps
FullName:Blanch Caps
MenuName:Blanch
StyleBits:0
WritingScript:Roman
OutlineFileName:D:\Ziapelta Games\WotA\Source Repository\wrath-of-the-autarch\layout\Document fonts\BLANCH_CAPS.ttf
DataFormat:sfntData
FileLength:44828
FileModTime:1431092437
WeightClass:400
WidthClass:5
AngleClass:0
NameArray:0,Mac,18,Blanch Caps
NameArray:0,Mac,4,Blanch Caps
NameArray:0,Win,1,Blanch
%EndFont

%BeginFont
Handler:DirectoryHandler
FontType:Invalid
OutlineFileName:D:\Ziapelta Games\WotA\Source Repository\wrath-of-the-autarch\layout\Document fonts\Book Antiqua
FileModTime:1431092437
%EndFont

%BeginFont
Handler:DirectoryHandler
FontType:Type1
FontName:crimson_text_bold
FamilyName:Crimson Text
StyleName:Bold
FullName:Crimson Text Bold
MenuName:Crimson Text
StyleBits:2
WritingScript:Roman
OutlineFileName:D:\Ziapelta Games\WotA\Source Repository\wrath-of-the-autarch\layout\Document fonts\crimson_text_bold.otf
DataFormat:sfntData
UsesStandardEncoding:yes
isCFF:yes
FileLength:65972
FileModTime:1431092437
WeightClass:700
WidthClass:5
AngleClass:0
NameArray:0,Mac,4,Crimson Text Bold
NameArray:0,Win,1,Crimson Text
%EndFont

%BeginFont
Handler:DirectoryHandler
FontType:Type1
FontName:crimson_text_roman
FamilyName:Crimson Text
StyleName:Roman
FullName:Crimson Text
MenuName:Crimson Text
StyleBits:0
WritingScript:Roman
OutlineFileName:D:\Ziapelta Games\WotA\Source Repository\wrath-of-the-autarch\layout\Document fonts\crimson_text_roman.otf
DataFormat:sfntData
UsesStandardEncoding:yes
isCFF:yes
FileLength:82148
FileModTime:1431092437
WeightClass:400
WidthClass:5
AngleClass:0
NameArray:0,Mac,4,Crimson Text
NameArray:0,Win,1,Crimson Text
%EndFont

%BeginFont
Handler:DirectoryHandler
FontType:TrueType
FontName:Eckmann
FamilyName:Eckmann
StyleName:Regular
FullName:Eckmann
MenuName:Eckmann
StyleBits:0
WritingScript:Roman
OutlineFileName:D:\Ziapelta Games\WotA\Source Repository\wrath-of-the-autarch\layout\Document fonts\ECKMANN.TTF
DataFormat:sfntData
FileLength:50232
FileModTime:1431092437
WeightClass:400
WidthClass:5
AngleClass:0
NameArray:0,Mac,4,Eckmann
NameArray:0,Win,1,Eckmann
%EndFont

%BeginFont
Handler:DirectoryHandler
FontType:TrueType
FontName:Wingdings2
FamilyName:Wingdings 2
StyleName:Regular
FullName:Wingdings 2
MenuName:Wingdings 2
StyleBits:0
WritingScript:Roman
OutlineFileName:D:\Ziapelta Games\WotA\Source Repository\wrath-of-the-autarch\layout\Document fonts\Wingdings 2.ttf
DataFormat:sfntData
FileLength:65264
FileModTime:1431092437
WeightClass:400
WidthClass:5
AngleClass:0
NameArray:0,Mac,4,Wingdings 2
NameArray:0,Win,1,Wingdings 2
%EndFont

%BeginFont
Handler:DirectoryHandler
FontType:TrueType
FontName:Wingdings-Regular
FamilyName:Wingdings
StyleName:Regular
FullName:Wingdings
MenuName:Wingdings
StyleBits:0
WritingScript:Roman
OutlineFileName:D:\Ziapelta Games\WotA\Source Repository\wrath-of-the-autarch\layout\Document fonts\Wingdings.ttf
DataFormat:sfntData
FileLength:83496
FileModTime:1431092437
WeightClass:400
WidthClass:5
AngleClass:0
NameArray:0,Mac,4,Wingdings
NameArray:0,Win,1,Wingdings
%EndFont

%BeginFont
Handler:DirectoryHandler
FontType:TrueType
FontName:ZapfDingbatsITC
FamilyName:Zapf Dingbats
StyleName:Regular
FullName:Zapf Dingbats
MenuName:Zapf Dingbats
StyleBits:0
WritingScript:Roman
OutlineFileName:D:\Ziapelta Games\WotA\Source Repository\wrath-of-the-autarch\layout\Document fonts\ZapfDingbats.ttf
DataFormat:sfntData
FileLength:154132
FileModTime:1431092437
WeightClass:400
WidthClass:5
AngleClass:0
NameArray:0,Mac,4,Zapf Dingbats
%EndFont

